/opt/st/stm32cubeide_1.16.1/plugins/com.st.stm32cube.ide.mcu.externaltools.gnu-tools-for-stm32.12.3.rel1.linux64_1.0.200.202406132123/tools/arm-none-eabi/include/c++/12.3.1/arm-none-eabi/thumb/v7e-m+dp/hard/bits/gthr-default.h:229:1:int __gthread_key_delete(__gthread_key_t)	16	static
../CPP_Core/Inc/NonBlockingSystemTickDelay.h:16:3:myhal::NonBlockingSystemTickDelay::NonBlockingSystemTickDelay()	16	static
../Core/Src/cpp_main.cpp:14:6:void cpp_main()	3784	static
../Core/Src/cpp_main.cpp:39:1:void __static_initialization_and_destruction_0(int, int)	16	static
../Core/Src/cpp_main.cpp:39:1:cpp)	8	static
../Core/Src/cpp_main.cpp:39:1:cpp)	8	static
