/opt/st/stm32cubeide_1.16.1/plugins/com.st.stm32cube.ide.mcu.externaltools.gnu-tools-for-stm32.12.3.rel1.linux64_1.0.200.202406132123/tools/arm-none-eabi/include/c++/12.3.1/arm-none-eabi/thumb/v7e-m+dp/hard/bits/gthr-default.h:229:1:int __gthread_key_delete(__gthread_key_t)	16	static
../CPP_Core/Src/SpiritLevel2D.cpp:10:1:SpiritLevel2D::SpiritLevel2D()	16	static
../CPP_Core/Src/SpiritLevel2D.cpp:14:1:SpiritLevel2D::~SpiritLevel2D()	16	static
../CPP_Core/Src/SpiritLevel2D.cpp:14:1:virtual SpiritLevel2D::~SpiritLevel2D()	16	static
../CPP_Core/Src/SpiritLevel2D.cpp:18:6:void SpiritLevel2D::init(I2C_HandleTypeDef*)	16	static
../CPP_Core/Src/SpiritLevel2D.cpp:25:6:void SpiritLevel2D::setZero()	16	static
../CPP_Core/Src/SpiritLevel2D.cpp:29:6:void SpiritLevel2D::updateValues()	16	static
../CPP_Core/Src/SpiritLevel2D.cpp:33:6:void SpiritLevel2D::show()	40	static
../CPP_Core/Src/SpiritLevel2D.cpp:50:1:void __static_initialization_and_destruction_0(int, int)	16	static
../CPP_Core/Src/SpiritLevel2D.cpp:50:1:cpp)	8	static
../CPP_Core/Src/SpiritLevel2D.cpp:50:1:cpp)	8	static
